// Jest Snapshot v1, https://goo.gl/fbAQLP

exports[`Dummy description of expected result 1`] = `
Array [
  .c0 {
  color: #808080;
  background-color: transparent;
}

@media (max-width:991px) {
  .c0 {
    background-color: black;
    color: white;
  }
}

<h1
    className="c0"
  >
    Global: 
    Dummy text
  </h1>,
  .c0 {
  color: #808080;
  background-color: transparent;
}

@media (max-width:991px) {
  .c0 {
    background-color: black;
    color: white;
  }
}

<h1
    className="c0"
  >
    Page: 
    Dummy text
  </h1>,
  .c0 {
  color: #808080;
  background-color: transparent;
}

@media (max-width:991px) {
  .c0 {
    background-color: black;
    color: white;
  }
}

<h1
    className="c0"
  >
    Text: 
  </h1>,
  <p>
    BREAKPOINT IS: 
    xxl
  </p>,
  <br />,
  <br />,
]
`;
